;Value: apply-in-underlying-scheme
;Value: self-evaluating?
;Value: variable?
;Value: quoted?
;Value: text-of-quotation
;Value: tagged-list?
;Value: assignment?
;Value: assignment-variable
;Value: assignment-value
;Value: definition?
;Value: definition-variable
;Value: definition-value
;Value: lambda?
;Value: lambda-parameters
;Value: lambda-body
;Value: make-lambda
;Value: if?
;Value: if-predicate
;Value: if-consequent
;Value: if-alternative
;Value: make-if
;Value: begin?
;Value: begin-actions
;Value: last-exp?
;Value: first-exp
;Value: rest-exps
;Value: sequence->exp
;Value: make-begin
;Value: application?
;Value: operator
;Value: operands
;Value: no-operands?
;Value: first-operand
;Value: rest-operands
;Value: cond?
;Value: cond-clauses
;Value: cond-else-clause?
;Value: cond-predicate
;Value: cond-actions
;Value: cond->if
;Value: expand-clauses
;Value: true?
;Value: false?
;Value: make-procedure
;Value: compound-procedure?
;Value: procedure-parameters
;Value: procedure-body
;Value: procedure-environment
;Value: enclosing-environment
;Value: first-frame
;Value: the-empty-environment
;Value: make-frame
;Value: frame-variables
;Value: frame-values
;Value: add-binding-to-frame!
;Value: extend-environment
;Value: lookup-variable-value
;Value: set-variable-value!
;Value: define-variable!
;Value: primitive-procedure?
;Value: primitive-implementation
;Value: primitive-procedures
;Value: primitive-procedure-names
;Value: primitive-procedure-objects
;Value: apply-primitive-procedure
;Value: setup-environment
;Value: list-of-values
;Value: eval-if
;Value: eval-sequence
;Value: eval-assignment
;Value: eval-definition
;Value: my-eval
;Value: my-apply
;Value: the-global-environment
;Value: 3
;Value: ok
;Value: 3628800
;Value: yes
;Value: 7
;Value: ok
;Value: (1 4 9 16)
